
File listing Pass #1: Code -> Intermediate Representation

0000 | #1commandNum: 0010; isFinal: 1; labelLinePos: -001; | 0a 01 00 00                                       | jmp main
0001 | #1commandNum: 0000; isFinal: 1; labelLinePos: -001; |                                                   | 
0002 | #1commandNum: 0019; isFinal: 1; labelLinePos: 0002; |                                                   | enterData:
0003 | #1commandNum: 0018; isFinal: 1; labelLinePos: -001; | 12 04 32 04 35 04 34 04 38 04 42 04 35 04 20 00 + | db "Введите число для которого надо найти факториал: \n"	
                                                           | 47 04 38 04 41 04 3b 04 3e 04 20 00 34 04 3b 04 + | 
                                                           | 4f 04 20 00 3a 04 3e 04 42 04 3e 04 40 04 3e 04 + | 
                                                           | 33 04 3e 04 20 00 3d 04 30 04 34 04 3e 04 20 00 + | 
                                                           | 3d 04 30 04 39 04 42 04 38 04 20 00 44 04 30 04 + | 
                                                           | 3a 04 42 04 3e 04 40 04 38 04 30 04 3b 04 3a 00 + | 
                                                           | 20 00 0a 00 00 00                                 | 
0004 | #1commandNum: 0019; isFinal: 1; labelLinePos: 0004; |                                                   | answer:
0005 | #1commandNum: 0018; isFinal: 1; labelLinePos: -001; | 1e 04 42 04 32 04 35 04 42 04 3a 00 20 00 00 00   | db "Ответ: "
0006 | #1commandNum: 0019; isFinal: 1; labelLinePos: 0006; |                                                   | impossibleFactorial:
0007 | #1commandNum: 0018; isFinal: 1; labelLinePos: -001; | 22 04 30 04 3a 04 3e 04 33 04 3e 04 20 00 44 04 + | db "Такого факториала нет\n"
                                                           | 30 04 3a 04 42 04 3e 04 40 04 38 04 30 04 3b 04 + | 
                                                           | 30 04 20 00 3d 04 35 04 42 04 0a 00 00 00         | 
0008 | #1commandNum: 0000; isFinal: 1; labelLinePos: -001; |                                                   | 
0009 | #1commandNum: 0019; isFinal: 1; labelLinePos: 0009; |                                                   | factorial:
0010 | #1commandNum: 0000; isFinal: 1; labelLinePos: -001; |                                                   | 
0011 | #1commandNum: 0009; isFinal: 1; labelLinePos: -001; | 09 02 00 00 64 00 00 00                           | pop bx
0012 | #1commandNum: 0004; isFinal: 1; labelLinePos: -001; | 04 02 00 00 64 00 00 00                           | push bx
0013 | #1commandNum: 0004; isFinal: 1; labelLinePos: -001; | 04 02 00 00 64 00 00 00                           | push bx
0014 | #1commandNum: 0004; isFinal: 1; labelLinePos: -001; | 04 01 00 00 64 00 00 00                           | push 1
0015 | #1commandNum: 0012; isFinal: 1; labelLinePos: -001; | 0c 01 00 00                                       | jae body
0016 | #1commandNum: 0019; isFinal: 1; labelLinePos: 0016; |                                                   | ret1:
0017 | #1commandNum: 0009; isFinal: 1; labelLinePos: -001; | 09 02 00 00 64 00 00 00                           | pop bx
0018 | #1commandNum: 0004; isFinal: 1; labelLinePos: -001; | 04 01 00 00 64 00 00 00                           | push 1
0019 | #1commandNum: 0021; isFinal: 1; labelLinePos: -001; | 15 00 00 00                                       | ret
0020 | #1commandNum: 0000; isFinal: 1; labelLinePos: -001; |                                                   | 
0021 | #1commandNum: 0019; isFinal: 1; labelLinePos: 0021; |                                                   | body:
0022 | #1commandNum: 0000; isFinal: 1; labelLinePos: -001; |                                                   | 
0023 | #1commandNum: 0009; isFinal: 1; labelLinePos: -001; | 09 02 00 00 64 00 00 00                           | pop bx
0024 | #1commandNum: 0004; isFinal: 1; labelLinePos: -001; | 04 02 00 00 64 00 00 00                           | push bx
0025 | #1commandNum: 0004; isFinal: 1; labelLinePos: -001; | 04 02 00 00 64 00 00 00                           | push bx
0026 | #1commandNum: 0004; isFinal: 1; labelLinePos: -001; | 04 01 00 00 9c ff ff ff                           | push -1
0027 | #1commandNum: 0022; isFinal: 1; labelLinePos: -001; | 16 00 00 00                                       | neg
0028 | #1commandNum: 0023; isFinal: 1; labelLinePos: -001; | 17 00 00 00                                       | imto
0029 | #1commandNum: 0006; isFinal: 1; labelLinePos: -001; | 06 00 00 00                                       | sub
0030 | #1commandNum: 0020; isFinal: 1; labelLinePos: 0009; | 14 01 00 00                                       | call factorial
0031 | #1commandNum: 0000; isFinal: 1; labelLinePos: -001; |                                                   | 
0032 | #1commandNum: 0007; isFinal: 1; labelLinePos: -001; | 07 00 00 00                                       | mul
0033 | #1commandNum: 0021; isFinal: 1; labelLinePos: -001; | 15 00 00 00                                       | ret
0034 | #1commandNum: 0000; isFinal: 1; labelLinePos: -001; |                                                   | 
0035 | #1commandNum: 0019; isFinal: 1; labelLinePos: 0035; |                                                   | main:
0036 | #1commandNum: 0000; isFinal: 1; labelLinePos: -001; |                                                   | 
0037 | #1commandNum: 0003; isFinal: 1; labelLinePos: 0002; | 03 01 00 00                                       | out enterData
0038 | #1commandNum: 0000; isFinal: 1; labelLinePos: -001; |                                                   | 
0039 | #1commandNum: 0002; isFinal: 1; labelLinePos: -001; | 02 00 00 00                                       | in
0040 | #1commandNum: 0023; isFinal: 1; labelLinePos: -001; | 17 00 00 00                                       | imto
0041 | #1commandNum: 0000; isFinal: 1; labelLinePos: -001; |                                                   | 
0042 | #1commandNum: 0009; isFinal: 1; labelLinePos: -001; | 09 02 00 00 00 00 00 00                           | pop ax
0043 | #1commandNum: 0004; isFinal: 1; labelLinePos: -001; | 04 02 00 00 00 00 00 00                           | push ax
0044 | #1commandNum: 0004; isFinal: 1; labelLinePos: -001; | 04 02 00 00 00 00 00 00                           | push ax
0045 | #1commandNum: 0004; isFinal: 1; labelLinePos: -001; | 04 01 00 00 00 00 00 00                           | push 0
0046 | #1commandNum: 0012; isFinal: 1; labelLinePos: -001; | 0c 01 00 00                                       | jae normalInput
0047 | #1commandNum: 0003; isFinal: 1; labelLinePos: 0006; | 03 01 00 00                                       | out impossibleFactorial
0048 | #1commandNum: 0009; isFinal: 1; labelLinePos: -001; | 09 02 00 00 00 00 00 00                           | pop ax
0049 | #1commandNum: 0001; isFinal: 1; labelLinePos: -001; | 01 00 00 00                                       | hlt
0050 | #1commandNum: 0000; isFinal: 1; labelLinePos: -001; |                                                   | 
0051 | #1commandNum: 0019; isFinal: 1; labelLinePos: 0051; |                                                   | normalInput:
0052 | #1commandNum: 0000; isFinal: 1; labelLinePos: -001; |                                                   | 
0053 | #1commandNum: 0020; isFinal: 1; labelLinePos: 0009; | 14 01 00 00                                       | call factorial
0054 | #1commandNum: 0000; isFinal: 1; labelLinePos: -001; |                                                   | 
0055 | #1commandNum: 0003; isFinal: 1; labelLinePos: 0004; | 03 01 00 00                                       | out answer
0056 | #1commandNum: 0003; isFinal: 1; labelLinePos: -001; | 03 00 00 00                                       | out
0057 | #1commandNum: 0001; isFinal: 1; labelLinePos: -001; | 01 00 00 00                                       | hlt


File listing Pass #2: Intermediate Representation -> Machine Code

000 | #2 | 00000 | 0a 01 00 00 ff ff ff ff                           | jmp main
001 | #2 | 00008 |                                                   | 
002 | #2 | 00008 |                                                   | enterData:
003 | #2 | 00008 | 12 04 32 04 35 04 34 04 38 04 42 04 35 04 20 00 + | db "Введите число для которого надо найти факториал: \n"	
                 | 47 04 38 04 41 04 3b 04 3e 04 20 00 34 04 3b 04 + | 
                 | 4f 04 20 00 3a 04 3e 04 42 04 3e 04 40 04 3e 04 + | 
                 | 33 04 3e 04 20 00 3d 04 30 04 34 04 3e 04 20 00 + | 
                 | 3d 04 30 04 39 04 42 04 38 04 20 00 44 04 30 04 + | 
                 | 3a 04 42 04 3e 04 40 04 38 04 30 04 3b 04 3a 00 + | 
                 | 20 00 0a 00 00 00                                 | 
004 | #2 | 0006e |                                                   | answer:
005 | #2 | 0006e | 1e 04 42 04 32 04 35 04 42 04 3a 00 20 00 00 00   | db "Ответ: "
006 | #2 | 0007e |                                                   | impossibleFactorial:
007 | #2 | 0007e | 22 04 30 04 3a 04 3e 04 33 04 3e 04 20 00 44 04 + | db "Такого факториала нет\n"
                 | 30 04 3a 04 42 04 3e 04 40 04 38 04 30 04 3b 04 + | 
                 | 30 04 20 00 3d 04 35 04 42 04 0a 00 00 00         | 
008 | #2 | 000ac |                                                   | 
009 | #2 | 000ac |                                                   | factorial:
010 | #2 | 000ac |                                                   | 
011 | #2 | 000ac | 09 02 00 00 64 00 00 00                           | pop bx
012 | #2 | 000b4 | 04 02 00 00 64 00 00 00                           | push bx
013 | #2 | 000bc | 04 02 00 00 64 00 00 00                           | push bx
014 | #2 | 000c4 | 04 01 00 00 64 00 00 00                           | push 1
015 | #2 | 000cc | 0c 01 00 00 ff ff ff ff                           | jae body
016 | #2 | 000d4 |                                                   | ret1:
017 | #2 | 000d4 | 09 02 00 00 64 00 00 00                           | pop bx
018 | #2 | 000dc | 04 01 00 00 64 00 00 00                           | push 1
019 | #2 | 000e4 | 15 00 00 00                                       | ret
020 | #2 | 000e8 |                                                   | 
021 | #2 | 000e8 |                                                   | body:
022 | #2 | 000e8 |                                                   | 
023 | #2 | 000e8 | 09 02 00 00 64 00 00 00                           | pop bx
024 | #2 | 000f0 | 04 02 00 00 64 00 00 00                           | push bx
025 | #2 | 000f8 | 04 02 00 00 64 00 00 00                           | push bx
026 | #2 | 00100 | 04 01 00 00 9c ff ff ff                           | push -1
027 | #2 | 00108 | 16 00 00 00                                       | neg
028 | #2 | 0010c | 17 00 00 00                                       | imto
029 | #2 | 00110 | 06 00 00 00                                       | sub
030 | #2 | 00114 | 14 01 00 00 30 43 00 00                           | call factorial
031 | #2 | 0011c |                                                   | 
032 | #2 | 0011c | 07 00 00 00                                       | mul
033 | #2 | 00120 | 15 00 00 00                                       | ret
034 | #2 | 00124 |                                                   | 
035 | #2 | 00124 |                                                   | main:
036 | #2 | 00124 |                                                   | 
037 | #2 | 00124 | 03 01 00 00 20 03 00 00                           | out enterData
038 | #2 | 0012c |                                                   | 
039 | #2 | 0012c | 02 00 00 00                                       | in
040 | #2 | 00130 | 17 00 00 00                                       | imto
041 | #2 | 00134 |                                                   | 
042 | #2 | 00134 | 09 02 00 00 00 00 00 00                           | pop ax
043 | #2 | 0013c | 04 02 00 00 00 00 00 00                           | push ax
044 | #2 | 00144 | 04 02 00 00 00 00 00 00                           | push ax
045 | #2 | 0014c | 04 01 00 00 00 00 00 00                           | push 0
046 | #2 | 00154 | 0c 01 00 00 ff ff ff ff                           | jae normalInput
047 | #2 | 0015c | 03 01 00 00 38 31 00 00                           | out impossibleFactorial
048 | #2 | 00164 | 09 02 00 00 00 00 00 00                           | pop ax
049 | #2 | 0016c | 01 00 00 00                                       | hlt
050 | #2 | 00170 |                                                   | 
051 | #2 | 00170 |                                                   | normalInput:
052 | #2 | 00170 |                                                   | 
053 | #2 | 00170 | 14 01 00 00 30 43 00 00                           | call factorial
054 | #2 | 00178 |                                                   | 
055 | #2 | 00178 | 03 01 00 00 f8 2a 00 00                           | out answer
056 | #2 | 00180 | 03 00 00 00                                       | out
057 | #2 | 00184 | 01 00 00 00                                       | hlt


File listing Pass #3: Final Machine Code

000 | #3 | 00000 | 0a 01 00 00 10 72 00 00                           | jmp main
001 | #3 | 00008 |                                                   | 
002 | #3 | 00008 |                                                   | enterData:
003 | #3 | 00008 | 12 04 32 04 35 04 34 04 38 04 42 04 35 04 20 00 + | db "Введите число для которого надо найти факториал: \n"	
                 | 47 04 38 04 41 04 3b 04 3e 04 20 00 34 04 3b 04 + | 
                 | 4f 04 20 00 3a 04 3e 04 42 04 3e 04 40 04 3e 04 + | 
                 | 33 04 3e 04 20 00 3d 04 30 04 34 04 3e 04 20 00 + | 
                 | 3d 04 30 04 39 04 42 04 38 04 20 00 44 04 30 04 + | 
                 | 3a 04 42 04 3e 04 40 04 38 04 30 04 3b 04 3a 00 + | 
                 | 20 00 0a 00 00 00                                 | 
004 | #3 | 0006e |                                                   | answer:
005 | #3 | 0006e | 1e 04 42 04 32 04 35 04 42 04 3a 00 20 00 00 00   | db "Ответ: "
006 | #3 | 0007e |                                                   | impossibleFactorial:
007 | #3 | 0007e | 22 04 30 04 3a 04 3e 04 33 04 3e 04 20 00 44 04 + | db "Такого факториала нет\n"
                 | 30 04 3a 04 42 04 3e 04 40 04 38 04 30 04 3b 04 + | 
                 | 30 04 20 00 3d 04 35 04 42 04 0a 00 00 00         | 
008 | #3 | 000ac |                                                   | 
009 | #3 | 000ac |                                                   | factorial:
010 | #3 | 000ac |                                                   | 
011 | #3 | 000ac | 09 02 00 00 64 00 00 00                           | pop bx
012 | #3 | 000b4 | 04 02 00 00 64 00 00 00                           | push bx
013 | #3 | 000bc | 04 02 00 00 64 00 00 00                           | push bx
014 | #3 | 000c4 | 04 01 00 00 64 00 00 00                           | push 1
015 | #3 | 000cc | 0c 01 00 00 a0 5a 00 00                           | jae body
016 | #3 | 000d4 |                                                   | ret1:
017 | #3 | 000d4 | 09 02 00 00 64 00 00 00                           | pop bx
018 | #3 | 000dc | 04 01 00 00 64 00 00 00                           | push 1
019 | #3 | 000e4 | 15 00 00 00                                       | ret
020 | #3 | 000e8 |                                                   | 
021 | #3 | 000e8 |                                                   | body:
022 | #3 | 000e8 |                                                   | 
023 | #3 | 000e8 | 09 02 00 00 64 00 00 00                           | pop bx
024 | #3 | 000f0 | 04 02 00 00 64 00 00 00                           | push bx
025 | #3 | 000f8 | 04 02 00 00 64 00 00 00                           | push bx
026 | #3 | 00100 | 04 01 00 00 9c ff ff ff                           | push -1
027 | #3 | 00108 | 16 00 00 00                                       | neg
028 | #3 | 0010c | 17 00 00 00                                       | imto
029 | #3 | 00110 | 06 00 00 00                                       | sub
030 | #3 | 00114 | 14 01 00 00 30 43 00 00                           | call factorial
031 | #3 | 0011c |                                                   | 
032 | #3 | 0011c | 07 00 00 00                                       | mul
033 | #3 | 00120 | 15 00 00 00                                       | ret
034 | #3 | 00124 |                                                   | 
035 | #3 | 00124 |                                                   | main:
036 | #3 | 00124 |                                                   | 
037 | #3 | 00124 | 03 01 00 00 20 03 00 00                           | out enterData
038 | #3 | 0012c |                                                   | 
039 | #3 | 0012c | 02 00 00 00                                       | in
040 | #3 | 00130 | 17 00 00 00                                       | imto
041 | #3 | 00134 |                                                   | 
042 | #3 | 00134 | 09 02 00 00 00 00 00 00                           | pop ax
043 | #3 | 0013c | 04 02 00 00 00 00 00 00                           | push ax
044 | #3 | 00144 | 04 02 00 00 00 00 00 00                           | push ax
045 | #3 | 0014c | 04 01 00 00 00 00 00 00                           | push 0
046 | #3 | 00154 | 0c 01 00 00 c0 8f 00 00                           | jae normalInput
047 | #3 | 0015c | 03 01 00 00 38 31 00 00                           | out impossibleFactorial
048 | #3 | 00164 | 09 02 00 00 00 00 00 00                           | pop ax
049 | #3 | 0016c | 01 00 00 00                                       | hlt
050 | #3 | 00170 |                                                   | 
051 | #3 | 00170 |                                                   | normalInput:
052 | #3 | 00170 |                                                   | 
053 | #3 | 00170 | 14 01 00 00 30 43 00 00                           | call factorial
054 | #3 | 00178 |                                                   | 
055 | #3 | 00178 | 03 01 00 00 f8 2a 00 00                           | out answer
056 | #3 | 00180 | 03 00 00 00                                       | out
057 | #3 | 00184 | 01 00 00 00                                       | hlt