
File listing Pass #1: Code -> Intermediate Representation

0000 | #1commandNum: 0235; isFinal: 1; labelLinePos: -001; | eb 01 00 00               | jmp main
0001 | #1commandNum: 0000; isFinal: 1; labelLinePos: -001; |                           | 
0002 | #1commandNum: 0049; isFinal: 1; labelLinePos: 0002; |                           | convertPixelsToRadians:
0003 | #1commandNum: 0006; isFinal: 1; labelLinePos: -001; | 06 02 00 00 00 00 01 00 + | push bx
                                                           | 00 00 00 00               | 
0004 | #1commandNum: 0247; isFinal: 1; labelLinePos: -001; | f7 00 00 00               | div
0005 | #1commandNum: 0006; isFinal: 1; labelLinePos: -001; | 06 02 00 00 00 00 00 00 + | push ax
                                                           | 00 00 00 00               | 
0006 | #1commandNum: 0246; isFinal: 1; labelLinePos: -001; | f6 00 00 00               | mul
0007 | #1commandNum: 0194; isFinal: 1; labelLinePos: -001; | c2 00 00 00               | ret
0008 | #1commandNum: 0000; isFinal: 1; labelLinePos: -001; |                           | 
0009 | #1commandNum: 0000; isFinal: 1; labelLinePos: -001; |                           | 
0010 | #1commandNum: 0049; isFinal: 1; labelLinePos: 0010; |                           | convertSinToPixels:
0011 | #1commandNum: 0006; isFinal: 1; labelLinePos: -001; | 06 02 00 00 00 00 03 00 + | push dx
                                                           | 00 00 00 00               | 
0012 | #1commandNum: 0246; isFinal: 1; labelLinePos: -001; | f6 00 00 00               | mul
0013 | #1commandNum: 0248; isFinal: 1; labelLinePos: -001; | f8 00 00 00               | neg
0014 | #1commandNum: 0006; isFinal: 1; labelLinePos: -001; | 06 02 00 00 00 00 03 00 + | push dx
                                                           | 00 00 00 00               | 
0015 | #1commandNum: 0000; isFinal: 1; labelLinePos: -001; | 00 00 00 00               | add
0016 | #1commandNum: 0194; isFinal: 1; labelLinePos: -001; | c2 00 00 00               | ret
0017 | #1commandNum: 0000; isFinal: 1; labelLinePos: -001; |                           | 
0018 | #1commandNum: 0049; isFinal: 1; labelLinePos: 0018; |                           | sinus:
0019 | #1commandNum: 0006; isFinal: 1; labelLinePos: -001; | 06 01 00 00 00 00 00 00 + | push 0
                                                           | 00 00 00 00               | 
0020 | #1commandNum: 0007; isFinal: 1; labelLinePos: -001; | 07 05 00 00 00 00 00 00 + | pop [0]
                                                           | 00 00 00 00               | 
0021 | #1commandNum: 0000; isFinal: 1; labelLinePos: -001; |                           | 
0022 | #1commandNum: 0006; isFinal: 1; labelLinePos: -001; | 06 01 00 00 00 00 01 00 + | push 1
                                                           | 00 00 00 00               | 
0023 | #1commandNum: 0007; isFinal: 1; labelLinePos: -001; | 07 05 00 00 00 00 01 00 + | pop [1]
                                                           | 00 00 00 00               | 
0024 | #1commandNum: 0000; isFinal: 1; labelLinePos: -001; |                           | 
0025 | #1commandNum: 0006; isFinal: 1; labelLinePos: -001; | 06 01 00 00 00 00 01 00 + | push 1
                                                           | 00 00 00 00               | 
0026 | #1commandNum: 0007; isFinal: 1; labelLinePos: -001; | 07 05 00 00 00 00 02 00 + | pop [2]
                                                           | 00 00 00 00               | 
0027 | #1commandNum: 0000; isFinal: 1; labelLinePos: -001; |                           | 
0028 | #1commandNum: 0006; isFinal: 1; labelLinePos: -001; | 06 01 00 00 00 00 05 00 + | push 5
                                                           | 00 00 00 00               | 
0029 | #1commandNum: 0007; isFinal: 1; labelLinePos: -001; | 07 05 00 00 00 00 03 00 + | pop [3]
                                                           | 00 00 00 00               | 
0030 | #1commandNum: 0000; isFinal: 1; labelLinePos: -001; |                           | 
0031 | #1commandNum: 0007; isFinal: 1; labelLinePos: -001; | 07 05 00 00 00 00 04 00 + | pop [4]
                                                           | 00 00 00 00               | 
0032 | #1commandNum: 0006; isFinal: 1; labelLinePos: -001; | 06 05 00 00 00 00 04 00 + | push [4]
                                                           | 00 00 00 00               | 
0033 | #1commandNum: 0006; isFinal: 1; labelLinePos: -001; | 06 05 00 00 00 00 04 00 + | push [4]
                                                           | 00 00 00 00               | 
0034 | #1commandNum: 0246; isFinal: 1; labelLinePos: -001; | f6 00 00 00               | mul
0035 | #1commandNum: 0007; isFinal: 1; labelLinePos: -001; | 07 05 00 00 00 00 05 00 + | pop [5]
                                                           | 00 00 00 00               | 
0036 | #1commandNum: 0000; isFinal: 1; labelLinePos: -001; |                           | 
0037 | #1commandNum: 0006; isFinal: 1; labelLinePos: -001; | 06 01 00 00 00 00 00 00 + | push 0
                                                           | 00 00 00 00               | 
0038 | #1commandNum: 0007; isFinal: 1; labelLinePos: -001; | 07 05 00 00 00 00 06 00 + | pop [6]
                                                           | 00 00 00 00               | 
0039 | #1commandNum: 0000; isFinal: 1; labelLinePos: -001; |                           | 
0040 | #1commandNum: 0049; isFinal: 1; labelLinePos: 0040; |                           | 	sinFor:
0041 | #1commandNum: 0000; isFinal: 1; labelLinePos: -001; |                           | 
0042 | #1commandNum: 0006; isFinal: 1; labelLinePos: -001; | 06 01 00 00 00 00 02 00 + | 	push 2
                                                           | 00 00 00 00               | 
0043 | #1commandNum: 0006; isFinal: 1; labelLinePos: -001; | 06 05 00 00 00 00 06 00 + | 	push [6]
                                                           | 00 00 00 00               | 
0044 | #1commandNum: 0246; isFinal: 1; labelLinePos: -001; | f6 00 00 00               | 	mul 
0045 | #1commandNum: 0006; isFinal: 1; labelLinePos: -001; | 06 01 00 00 00 00 01 00 + | 	push 1
                                                           | 00 00 00 00               | 
0046 | #1commandNum: 0000; isFinal: 1; labelLinePos: -001; | 00 00 00 00               | 	add
0047 | #1commandNum: 0007; isFinal: 1; labelLinePos: -001; | 07 05 00 00 00 00 07 00 + | 	pop [7]
                                                           | 00 00 00 00               | 
0048 | #1commandNum: 0000; isFinal: 1; labelLinePos: -001; |                           | 
0049 | #1commandNum: 0006; isFinal: 1; labelLinePos: -001; | 06 05 00 00 00 00 01 00 + | 	push [1]
                                                           | 00 00 00 00               | 
0050 | #1commandNum: 0006; isFinal: 1; labelLinePos: -001; | 06 05 00 00 00 00 04 00 + | 	push [4]
                                                           | 00 00 00 00               | 
0051 | #1commandNum: 0246; isFinal: 1; labelLinePos: -001; | f6 00 00 00               | 	mul
0052 | #1commandNum: 0006; isFinal: 1; labelLinePos: -001; | 06 05 00 00 00 00 02 00 + | 	push [2]
                                                           | 00 00 00 00               | 
0053 | #1commandNum: 0247; isFinal: 1; labelLinePos: -001; | f7 00 00 00               | 	div 
0054 | #1commandNum: 0006; isFinal: 1; labelLinePos: -001; | 06 05 00 00 00 00 00 00 + | 	push [0]
                                                           | 00 00 00 00               | 
0055 | #1commandNum: 0000; isFinal: 1; labelLinePos: -001; | 00 00 00 00               | 	add
0056 | #1commandNum: 0007; isFinal: 1; labelLinePos: -001; | 07 05 00 00 00 00 00 00 + | 	pop [0]
                                                           | 00 00 00 00               | 
0057 | #1commandNum: 0000; isFinal: 1; labelLinePos: -001; |                           | 
0058 | #1commandNum: 0006; isFinal: 1; labelLinePos: -001; | 06 05 00 00 00 00 07 00 + | 	push [7]
                                                           | 00 00 00 00               | 
0059 | #1commandNum: 0006; isFinal: 1; labelLinePos: -001; | 06 01 00 00 00 00 01 00 + | 	push 1
                                                           | 00 00 00 00               | 
0060 | #1commandNum: 0000; isFinal: 1; labelLinePos: -001; | 00 00 00 00               | 	add
0061 | #1commandNum: 0006; isFinal: 1; labelLinePos: -001; | 06 05 00 00 00 00 02 00 + | 	push [2]
                                                           | 00 00 00 00               | 
0062 | #1commandNum: 0246; isFinal: 1; labelLinePos: -001; | f6 00 00 00               | 	mul
0063 | #1commandNum: 0007; isFinal: 1; labelLinePos: -001; | 07 05 00 00 00 00 02 00 + | 	pop [2]
                                                           | 00 00 00 00               | 
0064 | #1commandNum: 0006; isFinal: 1; labelLinePos: -001; | 06 05 00 00 00 00 07 00 + | 	push [7]
                                                           | 00 00 00 00               | 
0065 | #1commandNum: 0006; isFinal: 1; labelLinePos: -001; | 06 01 00 00 00 00 01 00 + | 	push 1
                                                           | 00 00 00 00               | 
0066 | #1commandNum: 0000; isFinal: 1; labelLinePos: -001; | 00 00 00 00               | 	add
0067 | #1commandNum: 0006; isFinal: 1; labelLinePos: -001; | 06 05 00 00 00 00 02 00 + | 	push [2]
                                                           | 00 00 00 00               | 
0068 | #1commandNum: 0246; isFinal: 1; labelLinePos: -001; | f6 00 00 00               | 	mul
0069 | #1commandNum: 0007; isFinal: 1; labelLinePos: -001; | 07 05 00 00 00 00 02 00 + | 	pop [2]
                                                           | 00 00 00 00               | 
0070 | #1commandNum: 0000; isFinal: 1; labelLinePos: -001; |                           | 
0071 | #1commandNum: 0006; isFinal: 1; labelLinePos: -001; | 06 05 00 00 00 00 04 00 + | 	push [4]
                                                           | 00 00 00 00               | 
0072 | #1commandNum: 0006; isFinal: 1; labelLinePos: -001; | 06 05 00 00 00 00 05 00 + | 	push [5]
                                                           | 00 00 00 00               | 
0073 | #1commandNum: 0246; isFinal: 1; labelLinePos: -001; | f6 00 00 00               | 	mul
0074 | #1commandNum: 0007; isFinal: 1; labelLinePos: -001; | 07 05 00 00 00 00 04 00 + | 	pop [4]
                                                           | 00 00 00 00               | 
0075 | #1commandNum: 0000; isFinal: 1; labelLinePos: -001; |                           | 
0076 | #1commandNum: 0006; isFinal: 1; labelLinePos: -001; | 06 05 00 00 00 00 01 00 + | 	push [1]
                                                           | 00 00 00 00               | 
0077 | #1commandNum: 0248; isFinal: 1; labelLinePos: -001; | f8 00 00 00               | 	neg
0078 | #1commandNum: 0007; isFinal: 1; labelLinePos: -001; | 07 05 00 00 00 00 01 00 + | 	pop [1]
                                                           | 00 00 00 00               | 
0079 | #1commandNum: 0000; isFinal: 1; labelLinePos: -001; |                           | 
0080 | #1commandNum: 0006; isFinal: 1; labelLinePos: -001; | 06 05 00 00 00 00 06 00 + | 	push [6]
                                                           | 00 00 00 00               | 
0081 | #1commandNum: 0006; isFinal: 1; labelLinePos: -001; | 06 01 00 00 00 00 01 00 + | 	push 1
                                                           | 00 00 00 00               | 
0082 | #1commandNum: 0000; isFinal: 1; labelLinePos: -001; | 00 00 00 00               | 	add
0083 | #1commandNum: 0007; isFinal: 1; labelLinePos: -001; | 07 05 00 00 00 00 06 00 + | 	pop [6]
                                                           | 00 00 00 00               | 
0084 | #1commandNum: 0006; isFinal: 1; labelLinePos: -001; | 06 05 00 00 00 00 06 00 + | 	push [6]
                                                           | 00 00 00 00               | 
0085 | #1commandNum: 0006; isFinal: 1; labelLinePos: -001; | 06 05 00 00 00 00 03 00 + | 	push [3]
                                                           | 00 00 00 00               | 
0086 | #1commandNum: 0238; isFinal: 1; labelLinePos: 0040; | ee 01 00 00               | 	jb sinFor
0087 | #1commandNum: 0000; isFinal: 1; labelLinePos: -001; |                           | 
0088 | #1commandNum: 0006; isFinal: 1; labelLinePos: -001; | 06 05 00 00 00 00 00 00 + | push [0]
                                                           | 00 00 00 00               | 
0089 | #1commandNum: 0194; isFinal: 1; labelLinePos: -001; | c2 00 00 00               | ret	
0090 | #1commandNum: 0000; isFinal: 1; labelLinePos: -001; |                           | 
0091 | #1commandNum: 0000; isFinal: 1; labelLinePos: -001; |                           | 
0092 | #1commandNum: 0049; isFinal: 1; labelLinePos: 0092; |                           | main:
0093 | #1commandNum: 0000; isFinal: 1; labelLinePos: -001; |                           | 
0094 | #1commandNum: 0006; isFinal: 1; labelLinePos: -001; | 06 01 00 00 3f 24 03 00 + | push 3.14159265
                                                           | 00 00 00 00               | 
0095 | #1commandNum: 0007; isFinal: 1; labelLinePos: -001; | 07 02 00 00 00 00 00 00 + | pop ax
                                                           | 00 00 00 00               | 
0096 | #1commandNum: 0006; isFinal: 1; labelLinePos: -001; | 06 01 00 00 7a 6a 1f 00 + | push 31.4159265
                                                           | 00 00 00 00               | 
0097 | #1commandNum: 0007; isFinal: 1; labelLinePos: -001; | 07 02 00 00 00 00 01 00 + | pop bx
                                                           | 00 00 00 00               | 
0098 | #1commandNum: 0039; isFinal: 1; labelLinePos: -001; | 27 00 00 00 01 00 00 00   | rdsys vsizey
0099 | #1commandNum: 0006; isFinal: 1; labelLinePos: -001; | 06 01 00 00 00 00 02 00 + | push 2
                                                           | 00 00 00 00               | 
0100 | #1commandNum: 0247; isFinal: 1; labelLinePos: -001; | f7 00 00 00               | div
0101 | #1commandNum: 0007; isFinal: 1; labelLinePos: -001; | 07 02 00 00 00 00 03 00 + | pop dx
                                                           | 00 00 00 00               | 
0102 | #1commandNum: 0000; isFinal: 1; labelLinePos: -001; |                           | 
0103 | #1commandNum: 0006; isFinal: 1; labelLinePos: -001; | 06 01 00 00 00 00 00 00 + | push 0
                                                           | 00 00 00 00               | 
0104 | #1commandNum: 0007; isFinal: 1; labelLinePos: -001; | 07 02 00 00 00 00 02 00 + | pop cx
                                                           | 00 00 00 00               | 
0105 | #1commandNum: 0000; isFinal: 1; labelLinePos: -001; |                           | 
0106 | #1commandNum: 0049; isFinal: 1; labelLinePos: 0106; |                           | 	drawCircle:
0107 | #1commandNum: 0000; isFinal: 1; labelLinePos: -001; |                           | 
0108 | #1commandNum: 0006; isFinal: 1; labelLinePos: -001; | 06 02 00 00 00 00 02 00 + | 	push cx
                                                           | 00 00 00 00               | 
0109 | #1commandNum: 0232; isFinal: 1; labelLinePos: 0002; | e8 01 00 00               | 	call convertPixelsToRadians
0110 | #1commandNum: 0232; isFinal: 1; labelLinePos: 0018; | e8 01 00 00               | 	call sinus
0111 | #1commandNum: 0007; isFinal: 1; labelLinePos: -001; | 07 05 00 00 00 00 00 00 + | 	pop [0]
                                                           | 00 00 00 00               | 
0112 | #1commandNum: 0006; isFinal: 1; labelLinePos: -001; | 06 02 00 00 00 00 02 00 + | 	push cx
                                                           | 00 00 00 00               | 
0113 | #1commandNum: 0006; isFinal: 1; labelLinePos: -001; | 06 05 00 00 00 00 00 00 + | 	push [0]
                                                           | 00 00 00 00               | 
0114 | #1commandNum: 0232; isFinal: 1; labelLinePos: 0010; | e8 01 00 00               | 	call convertSinToPixels
0115 | #1commandNum: 0006; isFinal: 1; labelLinePos: -001; | 06 01 00 00 00 00 ff 00 + | 	push 255
                                                           | 00 00 00 00               | 
0116 | #1commandNum: 0006; isFinal: 1; labelLinePos: -001; | 06 01 00 00 00 00 ff 00 + | 	push 255
                                                           | 00 00 00 00               | 
0117 | #1commandNum: 0006; isFinal: 1; labelLinePos: -001; | 06 01 00 00 00 00 ff 00 + | 	push 255
                                                           | 00 00 00 00               | 
0118 | #1commandNum: 0037; isFinal: 1; labelLinePos: -001; | 25 00 00 00               | 	setpxl
0119 | #1commandNum: 0000; isFinal: 1; labelLinePos: -001; |                           | 
0120 | #1commandNum: 0006; isFinal: 1; labelLinePos: -001; | 06 03 00 00 00 00 01 00 + | 	push cx+1
                                                           | 00 00 00 00 00 00 02 00 + | 
                                                           | 00 00 00 00               | 
0121 | #1commandNum: 0007; isFinal: 1; labelLinePos: -001; | 07 02 00 00 00 00 02 00 + | 	pop cx
                                                           | 00 00 00 00               | 
0122 | #1commandNum: 0006; isFinal: 1; labelLinePos: -001; | 06 02 00 00 00 00 02 00 + | 	push cx
                                                           | 00 00 00 00               | 
0123 | #1commandNum: 0006; isFinal: 1; labelLinePos: -001; | 06 01 00 00 00 00 64 00 + | 	push 100
                                                           | 00 00 00 00               | 
0124 | #1commandNum: 0238; isFinal: 1; labelLinePos: 0106; | ee 01 00 00               | 	jb drawCircle 
0125 | #1commandNum: 0000; isFinal: 1; labelLinePos: -001; |                           | 
0126 | #1commandNum: 0002; isFinal: 1; labelLinePos: -001; | 02 00 00 00               | in
0127 | #1commandNum: 0000; isFinal: 1; labelLinePos: -001; |                           | 
0128 | #1commandNum: 0244; isFinal: 1; labelLinePos: -001; | f4 00 00 00               | hlt


File listing Pass #2: Intermediate Representation -> Machine Code

000 | #2 | 00000 | eb 01 00 00 ff ff ff ff   | jmp main
001 | #2 | 00008 |                           | 
002 | #2 | 00008 |                           | convertPixelsToRadians:
003 | #2 | 00008 | 06 02 00 00 00 00 01 00 + | push bx
                 | 00 00 00 00               | 
004 | #2 | 00014 | f7 00 00 00               | div
005 | #2 | 00018 | 06 02 00 00 00 00 00 00 + | push ax
                 | 00 00 00 00               | 
006 | #2 | 00024 | f6 00 00 00               | mul
007 | #2 | 00028 | c2 00 00 00               | ret
008 | #2 | 0002c |                           | 
009 | #2 | 0002c |                           | 
010 | #2 | 0002c |                           | convertSinToPixels:
011 | #2 | 0002c | 06 02 00 00 00 00 03 00 + | push dx
                 | 00 00 00 00               | 
012 | #2 | 00038 | f6 00 00 00               | mul
013 | #2 | 0003c | f8 00 00 00               | neg
014 | #2 | 00040 | 06 02 00 00 00 00 03 00 + | push dx
                 | 00 00 00 00               | 
015 | #2 | 0004c | 00 00 00 00               | add
016 | #2 | 00050 | c2 00 00 00               | ret
017 | #2 | 00054 |                           | 
018 | #2 | 00054 |                           | sinus:
019 | #2 | 00054 | 06 01 00 00 00 00 00 00 + | push 0
                 | 00 00 00 00               | 
020 | #2 | 00060 | 07 05 00 00 00 00 00 00 + | pop [0]
                 | 00 00 00 00               | 
021 | #2 | 0006c |                           | 
022 | #2 | 0006c | 06 01 00 00 00 00 01 00 + | push 1
                 | 00 00 00 00               | 
023 | #2 | 00078 | 07 05 00 00 00 00 01 00 + | pop [1]
                 | 00 00 00 00               | 
024 | #2 | 00084 |                           | 
025 | #2 | 00084 | 06 01 00 00 00 00 01 00 + | push 1
                 | 00 00 00 00               | 
026 | #2 | 00090 | 07 05 00 00 00 00 02 00 + | pop [2]
                 | 00 00 00 00               | 
027 | #2 | 0009c |                           | 
028 | #2 | 0009c | 06 01 00 00 00 00 05 00 + | push 5
                 | 00 00 00 00               | 
029 | #2 | 000a8 | 07 05 00 00 00 00 03 00 + | pop [3]
                 | 00 00 00 00               | 
030 | #2 | 000b4 |                           | 
031 | #2 | 000b4 | 07 05 00 00 00 00 04 00 + | pop [4]
                 | 00 00 00 00               | 
032 | #2 | 000c0 | 06 05 00 00 00 00 04 00 + | push [4]
                 | 00 00 00 00               | 
033 | #2 | 000cc | 06 05 00 00 00 00 04 00 + | push [4]
                 | 00 00 00 00               | 
034 | #2 | 000d8 | f6 00 00 00               | mul
035 | #2 | 000dc | 07 05 00 00 00 00 05 00 + | pop [5]
                 | 00 00 00 00               | 
036 | #2 | 000e8 |                           | 
037 | #2 | 000e8 | 06 01 00 00 00 00 00 00 + | push 0
                 | 00 00 00 00               | 
038 | #2 | 000f4 | 07 05 00 00 00 00 06 00 + | pop [6]
                 | 00 00 00 00               | 
039 | #2 | 00100 |                           | 
040 | #2 | 00100 |                           | 	sinFor:
041 | #2 | 00100 |                           | 
042 | #2 | 00100 | 06 01 00 00 00 00 02 00 + | 	push 2
                 | 00 00 00 00               | 
043 | #2 | 0010c | 06 05 00 00 00 00 06 00 + | 	push [6]
                 | 00 00 00 00               | 
044 | #2 | 00118 | f6 00 00 00               | 	mul 
045 | #2 | 0011c | 06 01 00 00 00 00 01 00 + | 	push 1
                 | 00 00 00 00               | 
046 | #2 | 00128 | 00 00 00 00               | 	add
047 | #2 | 0012c | 07 05 00 00 00 00 07 00 + | 	pop [7]
                 | 00 00 00 00               | 
048 | #2 | 00138 |                           | 
049 | #2 | 00138 | 06 05 00 00 00 00 01 00 + | 	push [1]
                 | 00 00 00 00               | 
050 | #2 | 00144 | 06 05 00 00 00 00 04 00 + | 	push [4]
                 | 00 00 00 00               | 
051 | #2 | 00150 | f6 00 00 00               | 	mul
052 | #2 | 00154 | 06 05 00 00 00 00 02 00 + | 	push [2]
                 | 00 00 00 00               | 
053 | #2 | 00160 | f7 00 00 00               | 	div 
054 | #2 | 00164 | 06 05 00 00 00 00 00 00 + | 	push [0]
                 | 00 00 00 00               | 
055 | #2 | 00170 | 00 00 00 00               | 	add
056 | #2 | 00174 | 07 05 00 00 00 00 00 00 + | 	pop [0]
                 | 00 00 00 00               | 
057 | #2 | 00180 |                           | 
058 | #2 | 00180 | 06 05 00 00 00 00 07 00 + | 	push [7]
                 | 00 00 00 00               | 
059 | #2 | 0018c | 06 01 00 00 00 00 01 00 + | 	push 1
                 | 00 00 00 00               | 
060 | #2 | 00198 | 00 00 00 00               | 	add
061 | #2 | 0019c | 06 05 00 00 00 00 02 00 + | 	push [2]
                 | 00 00 00 00               | 
062 | #2 | 001a8 | f6 00 00 00               | 	mul
063 | #2 | 001ac | 07 05 00 00 00 00 02 00 + | 	pop [2]
                 | 00 00 00 00               | 
064 | #2 | 001b8 | 06 05 00 00 00 00 07 00 + | 	push [7]
                 | 00 00 00 00               | 
065 | #2 | 001c4 | 06 01 00 00 00 00 01 00 + | 	push 1
                 | 00 00 00 00               | 
066 | #2 | 001d0 | 00 00 00 00               | 	add
067 | #2 | 001d4 | 06 05 00 00 00 00 02 00 + | 	push [2]
                 | 00 00 00 00               | 
068 | #2 | 001e0 | f6 00 00 00               | 	mul
069 | #2 | 001e4 | 07 05 00 00 00 00 02 00 + | 	pop [2]
                 | 00 00 00 00               | 
070 | #2 | 001f0 |                           | 
071 | #2 | 001f0 | 06 05 00 00 00 00 04 00 + | 	push [4]
                 | 00 00 00 00               | 
072 | #2 | 001fc | 06 05 00 00 00 00 05 00 + | 	push [5]
                 | 00 00 00 00               | 
073 | #2 | 00208 | f6 00 00 00               | 	mul
074 | #2 | 0020c | 07 05 00 00 00 00 04 00 + | 	pop [4]
                 | 00 00 00 00               | 
075 | #2 | 00218 |                           | 
076 | #2 | 00218 | 06 05 00 00 00 00 01 00 + | 	push [1]
                 | 00 00 00 00               | 
077 | #2 | 00224 | f8 00 00 00               | 	neg
078 | #2 | 00228 | 07 05 00 00 00 00 01 00 + | 	pop [1]
                 | 00 00 00 00               | 
079 | #2 | 00234 |                           | 
080 | #2 | 00234 | 06 05 00 00 00 00 06 00 + | 	push [6]
                 | 00 00 00 00               | 
081 | #2 | 00240 | 06 01 00 00 00 00 01 00 + | 	push 1
                 | 00 00 00 00               | 
082 | #2 | 0024c | 00 00 00 00               | 	add
083 | #2 | 00250 | 07 05 00 00 00 00 06 00 + | 	pop [6]
                 | 00 00 00 00               | 
084 | #2 | 0025c | 06 05 00 00 00 00 06 00 + | 	push [6]
                 | 00 00 00 00               | 
085 | #2 | 00268 | 06 05 00 00 00 00 03 00 + | 	push [3]
                 | 00 00 00 00               | 
086 | #2 | 00274 | ee 01 00 00 00 00 00 01 + | 	jb sinFor
                 | 00 00 00 00               | 
087 | #2 | 00280 |                           | 
088 | #2 | 00280 | 06 05 00 00 00 00 00 00 + | push [0]
                 | 00 00 00 00               | 
089 | #2 | 0028c | c2 00 00 00               | ret	
090 | #2 | 00290 |                           | 
091 | #2 | 00290 |                           | 
092 | #2 | 00290 |                           | main:
093 | #2 | 00290 |                           | 
094 | #2 | 00290 | 06 01 00 00 3f 24 03 00 + | push 3.14159265
                 | 00 00 00 00               | 
095 | #2 | 0029c | 07 02 00 00 00 00 00 00 + | pop ax
                 | 00 00 00 00               | 
096 | #2 | 002a8 | 06 01 00 00 7a 6a 1f 00 + | push 31.4159265
                 | 00 00 00 00               | 
097 | #2 | 002b4 | 07 02 00 00 00 00 01 00 + | pop bx
                 | 00 00 00 00               | 
098 | #2 | 002c0 | 27 00 00 00 01 00 00 00   | rdsys vsizey
099 | #2 | 002c8 | 06 01 00 00 00 00 02 00 + | push 2
                 | 00 00 00 00               | 
100 | #2 | 002d4 | f7 00 00 00               | div
101 | #2 | 002d8 | 07 02 00 00 00 00 03 00 + | pop dx
                 | 00 00 00 00               | 
102 | #2 | 002e4 |                           | 
103 | #2 | 002e4 | 06 01 00 00 00 00 00 00 + | push 0
                 | 00 00 00 00               | 
104 | #2 | 002f0 | 07 02 00 00 00 00 02 00 + | pop cx
                 | 00 00 00 00               | 
105 | #2 | 002fc |                           | 
106 | #2 | 002fc |                           | 	drawCircle:
107 | #2 | 002fc |                           | 
108 | #2 | 002fc | 06 02 00 00 00 00 02 00 + | 	push cx
                 | 00 00 00 00               | 
109 | #2 | 00308 | e8 01 00 00 00 00 08 00 + | 	call convertPixelsToRadians
                 | 00 00 00 00               | 
110 | #2 | 00314 | e8 01 00 00 00 00 54 00 + | 	call sinus
                 | 00 00 00 00               | 
111 | #2 | 00320 | 07 05 00 00 00 00 00 00 + | 	pop [0]
                 | 00 00 00 00               | 
112 | #2 | 0032c | 06 02 00 00 00 00 02 00 + | 	push cx
                 | 00 00 00 00               | 
113 | #2 | 00338 | 06 05 00 00 00 00 00 00 + | 	push [0]
                 | 00 00 00 00               | 
114 | #2 | 00344 | e8 01 00 00 00 00 2c 00 + | 	call convertSinToPixels
                 | 00 00 00 00               | 
115 | #2 | 00350 | 06 01 00 00 00 00 ff 00 + | 	push 255
                 | 00 00 00 00               | 
116 | #2 | 0035c | 06 01 00 00 00 00 ff 00 + | 	push 255
                 | 00 00 00 00               | 
117 | #2 | 00368 | 06 01 00 00 00 00 ff 00 + | 	push 255
                 | 00 00 00 00               | 
118 | #2 | 00374 | 25 00 00 00               | 	setpxl
119 | #2 | 00378 |                           | 
120 | #2 | 00378 | 06 03 00 00 00 00 01 00 + | 	push cx+1
                 | 00 00 00 00 00 00 02 00 + | 
                 | 00 00 00 00               | 
121 | #2 | 0038c | 07 02 00 00 00 00 02 00 + | 	pop cx
                 | 00 00 00 00               | 
122 | #2 | 00398 | 06 02 00 00 00 00 02 00 + | 	push cx
                 | 00 00 00 00               | 
123 | #2 | 003a4 | 06 01 00 00 00 00 64 00 + | 	push 100
                 | 00 00 00 00               | 
124 | #2 | 003b0 | ee 01 00 00 00 00 fc 02 + | 	jb drawCircle 
                 | 00 00 00 00               | 
125 | #2 | 003bc |                           | 
126 | #2 | 003bc | 02 00 00 00               | in
127 | #2 | 003c0 |                           | 
128 | #2 | 003c0 | f4 00 00 00               | hlt


File listing Pass #3: Final Machine Code

000 | #3 | 00000 | eb 01 00 00 00 00 90 02   | jmp main
001 | #3 | 00008 |                           | 
002 | #3 | 00008 |                           | convertPixelsToRadians:
003 | #3 | 00008 | 00 00 00 00 00 00 01 00 + | push bx
                 | 00 00 00 00               | 
004 | #3 | 00014 | f7 00 00 00               | div
005 | #3 | 00018 | 06 02 00 00 00 00 00 00 + | push ax
                 | 00 00 00 00               | 
006 | #3 | 00024 | f6 00 00 00               | mul
007 | #3 | 00028 | c2 00 00 00               | ret
008 | #3 | 0002c |                           | 
009 | #3 | 0002c |                           | 
010 | #3 | 0002c |                           | convertSinToPixels:
011 | #3 | 0002c | 06 02 00 00 00 00 03 00 + | push dx
                 | 00 00 00 00               | 
012 | #3 | 00038 | f6 00 00 00               | mul
013 | #3 | 0003c | f8 00 00 00               | neg
014 | #3 | 00040 | 06 02 00 00 00 00 03 00 + | push dx
                 | 00 00 00 00               | 
015 | #3 | 0004c | 00 00 00 00               | add
016 | #3 | 00050 | c2 00 00 00               | ret
017 | #3 | 00054 |                           | 
018 | #3 | 00054 |                           | sinus:
019 | #3 | 00054 | 06 01 00 00 00 00 00 00 + | push 0
                 | 00 00 00 00               | 
020 | #3 | 00060 | 07 05 00 00 00 00 00 00 + | pop [0]
                 | 00 00 00 00               | 
021 | #3 | 0006c |                           | 
022 | #3 | 0006c | 06 01 00 00 00 00 01 00 + | push 1
                 | 00 00 00 00               | 
023 | #3 | 00078 | 07 05 00 00 00 00 01 00 + | pop [1]
                 | 00 00 00 00               | 
024 | #3 | 00084 |                           | 
025 | #3 | 00084 | 06 01 00 00 00 00 01 00 + | push 1
                 | 00 00 00 00               | 
026 | #3 | 00090 | 07 05 00 00 00 00 02 00 + | pop [2]
                 | 00 00 00 00               | 
027 | #3 | 0009c |                           | 
028 | #3 | 0009c | 06 01 00 00 00 00 05 00 + | push 5
                 | 00 00 00 00               | 
029 | #3 | 000a8 | 07 05 00 00 00 00 03 00 + | pop [3]
                 | 00 00 00 00               | 
030 | #3 | 000b4 |                           | 
031 | #3 | 000b4 | 07 05 00 00 00 00 04 00 + | pop [4]
                 | 00 00 00 00               | 
032 | #3 | 000c0 | 06 05 00 00 00 00 04 00 + | push [4]
                 | 00 00 00 00               | 
033 | #3 | 000cc | 06 05 00 00 00 00 04 00 + | push [4]
                 | 00 00 00 00               | 
034 | #3 | 000d8 | f6 00 00 00               | mul
035 | #3 | 000dc | 07 05 00 00 00 00 05 00 + | pop [5]
                 | 00 00 00 00               | 
036 | #3 | 000e8 |                           | 
037 | #3 | 000e8 | 06 01 00 00 00 00 00 00 + | push 0
                 | 00 00 00 00               | 
038 | #3 | 000f4 | 07 05 00 00 00 00 06 00 + | pop [6]
                 | 00 00 00 00               | 
039 | #3 | 00100 |                           | 
040 | #3 | 00100 |                           | 	sinFor:
041 | #3 | 00100 |                           | 
042 | #3 | 00100 | 06 01 00 00 00 00 02 00 + | 	push 2
                 | 00 00 00 00               | 
043 | #3 | 0010c | 06 05 00 00 00 00 06 00 + | 	push [6]
                 | 00 00 00 00               | 
044 | #3 | 00118 | f6 00 00 00               | 	mul 
045 | #3 | 0011c | 06 01 00 00 00 00 01 00 + | 	push 1
                 | 00 00 00 00               | 
046 | #3 | 00128 | 00 00 00 00               | 	add
047 | #3 | 0012c | 07 05 00 00 00 00 07 00 + | 	pop [7]
                 | 00 00 00 00               | 
048 | #3 | 00138 |                           | 
049 | #3 | 00138 | 06 05 00 00 00 00 01 00 + | 	push [1]
                 | 00 00 00 00               | 
050 | #3 | 00144 | 06 05 00 00 00 00 04 00 + | 	push [4]
                 | 00 00 00 00               | 
051 | #3 | 00150 | f6 00 00 00               | 	mul
052 | #3 | 00154 | 06 05 00 00 00 00 02 00 + | 	push [2]
                 | 00 00 00 00               | 
053 | #3 | 00160 | f7 00 00 00               | 	div 
054 | #3 | 00164 | 06 05 00 00 00 00 00 00 + | 	push [0]
                 | 00 00 00 00               | 
055 | #3 | 00170 | 00 00 00 00               | 	add
056 | #3 | 00174 | 07 05 00 00 00 00 00 00 + | 	pop [0]
                 | 00 00 00 00               | 
057 | #3 | 00180 |                           | 
058 | #3 | 00180 | 06 05 00 00 00 00 07 00 + | 	push [7]
                 | 00 00 00 00               | 
059 | #3 | 0018c | 06 01 00 00 00 00 01 00 + | 	push 1
                 | 00 00 00 00               | 
060 | #3 | 00198 | 00 00 00 00               | 	add
061 | #3 | 0019c | 06 05 00 00 00 00 02 00 + | 	push [2]
                 | 00 00 00 00               | 
062 | #3 | 001a8 | f6 00 00 00               | 	mul
063 | #3 | 001ac | 07 05 00 00 00 00 02 00 + | 	pop [2]
                 | 00 00 00 00               | 
064 | #3 | 001b8 | 06 05 00 00 00 00 07 00 + | 	push [7]
                 | 00 00 00 00               | 
065 | #3 | 001c4 | 06 01 00 00 00 00 01 00 + | 	push 1
                 | 00 00 00 00               | 
066 | #3 | 001d0 | 00 00 00 00               | 	add
067 | #3 | 001d4 | 06 05 00 00 00 00 02 00 + | 	push [2]
                 | 00 00 00 00               | 
068 | #3 | 001e0 | f6 00 00 00               | 	mul
069 | #3 | 001e4 | 07 05 00 00 00 00 02 00 + | 	pop [2]
                 | 00 00 00 00               | 
070 | #3 | 001f0 |                           | 
071 | #3 | 001f0 | 06 05 00 00 00 00 04 00 + | 	push [4]
                 | 00 00 00 00               | 
072 | #3 | 001fc | 06 05 00 00 00 00 05 00 + | 	push [5]
                 | 00 00 00 00               | 
073 | #3 | 00208 | f6 00 00 00               | 	mul
074 | #3 | 0020c | 07 05 00 00 00 00 04 00 + | 	pop [4]
                 | 00 00 00 00               | 
075 | #3 | 00218 |                           | 
076 | #3 | 00218 | 06 05 00 00 00 00 01 00 + | 	push [1]
                 | 00 00 00 00               | 
077 | #3 | 00224 | f8 00 00 00               | 	neg
078 | #3 | 00228 | 07 05 00 00 00 00 01 00 + | 	pop [1]
                 | 00 00 00 00               | 
079 | #3 | 00234 |                           | 
080 | #3 | 00234 | 06 05 00 00 00 00 06 00 + | 	push [6]
                 | 00 00 00 00               | 
081 | #3 | 00240 | 06 01 00 00 00 00 01 00 + | 	push 1
                 | 00 00 00 00               | 
082 | #3 | 0024c | 00 00 00 00               | 	add
083 | #3 | 00250 | 07 05 00 00 00 00 06 00 + | 	pop [6]
                 | 00 00 00 00               | 
084 | #3 | 0025c | 06 05 00 00 00 00 06 00 + | 	push [6]
                 | 00 00 00 00               | 
085 | #3 | 00268 | 06 05 00 00 00 00 03 00 + | 	push [3]
                 | 00 00 00 00               | 
086 | #3 | 00274 | ee 01 00 00 00 00 00 01 + | 	jb sinFor
                 | 00 00 00 00               | 
087 | #3 | 00280 |                           | 
088 | #3 | 00280 | 06 05 00 00 00 00 00 00 + | push [0]
                 | 00 00 00 00               | 
089 | #3 | 0028c | c2 00 00 00               | ret	
090 | #3 | 00290 |                           | 
091 | #3 | 00290 |                           | 
092 | #3 | 00290 |                           | main:
093 | #3 | 00290 |                           | 
094 | #3 | 00290 | 06 01 00 00 3f 24 03 00 + | push 3.14159265
                 | 00 00 00 00               | 
095 | #3 | 0029c | 07 02 00 00 00 00 00 00 + | pop ax
                 | 00 00 00 00               | 
096 | #3 | 002a8 | 06 01 00 00 7a 6a 1f 00 + | push 31.4159265
                 | 00 00 00 00               | 
097 | #3 | 002b4 | 07 02 00 00 00 00 01 00 + | pop bx
                 | 00 00 00 00               | 
098 | #3 | 002c0 | 27 00 00 00 01 00 00 00   | rdsys vsizey
099 | #3 | 002c8 | 06 01 00 00 00 00 02 00 + | push 2
                 | 00 00 00 00               | 
100 | #3 | 002d4 | f7 00 00 00               | div
101 | #3 | 002d8 | 07 02 00 00 00 00 03 00 + | pop dx
                 | 00 00 00 00               | 
102 | #3 | 002e4 |                           | 
103 | #3 | 002e4 | 06 01 00 00 00 00 00 00 + | push 0
                 | 00 00 00 00               | 
104 | #3 | 002f0 | 07 02 00 00 00 00 02 00 + | pop cx
                 | 00 00 00 00               | 
105 | #3 | 002fc |                           | 
106 | #3 | 002fc |                           | 	drawCircle:
107 | #3 | 002fc |                           | 
108 | #3 | 002fc | 06 02 00 00 00 00 02 00 + | 	push cx
                 | 00 00 00 00               | 
109 | #3 | 00308 | e8 01 00 00 00 00 08 00 + | 	call convertPixelsToRadians
                 | 00 00 00 00               | 
110 | #3 | 00314 | e8 01 00 00 00 00 54 00 + | 	call sinus
                 | 00 00 00 00               | 
111 | #3 | 00320 | 07 05 00 00 00 00 00 00 + | 	pop [0]
                 | 00 00 00 00               | 
112 | #3 | 0032c | 06 02 00 00 00 00 02 00 + | 	push cx
                 | 00 00 00 00               | 
113 | #3 | 00338 | 06 05 00 00 00 00 00 00 + | 	push [0]
                 | 00 00 00 00               | 
114 | #3 | 00344 | e8 01 00 00 00 00 2c 00 + | 	call convertSinToPixels
                 | 00 00 00 00               | 
115 | #3 | 00350 | 06 01 00 00 00 00 ff 00 + | 	push 255
                 | 00 00 00 00               | 
116 | #3 | 0035c | 06 01 00 00 00 00 ff 00 + | 	push 255
                 | 00 00 00 00               | 
117 | #3 | 00368 | 06 01 00 00 00 00 ff 00 + | 	push 255
                 | 00 00 00 00               | 
118 | #3 | 00374 | 25 00 00 00               | 	setpxl
119 | #3 | 00378 |                           | 
120 | #3 | 00378 | 06 03 00 00 00 00 01 00 + | 	push cx+1
                 | 00 00 00 00 00 00 02 00 + | 
                 | 00 00 00 00               | 
121 | #3 | 0038c | 07 02 00 00 00 00 02 00 + | 	pop cx
                 | 00 00 00 00               | 
122 | #3 | 00398 | 06 02 00 00 00 00 02 00 + | 	push cx
                 | 00 00 00 00               | 
123 | #3 | 003a4 | 06 01 00 00 00 00 64 00 + | 	push 100
                 | 00 00 00 00               | 
124 | #3 | 003b0 | ee 01 00 00 00 00 fc 02 + | 	jb drawCircle 
                 | 00 00 00 00               | 
125 | #3 | 003bc |                           | 
126 | #3 | 003bc | 02 00 00 00               | in
127 | #3 | 003c0 |                           | 
128 | #3 | 003c0 | f4 00 00 00               | hlt